---
source: ndc-reference/bin/reference/main.rs
expression: response.0
input_file: ndc-reference/tests/query/predicate_with_array_contains/request.json
---
[
  {
    "rows": [
      {
        "id": 2,
        "name": "Chalmers University of Technology",
        "location": {
          "campuses": [
            "Johanneberg",
            "Lindholmen"
          ]
        }
      }
    ]
  }
]
