---
source: ndc-reference/bin/reference/main.rs
expression: response
---
{
  "version": "0.2.11",
  "capabilities": {
    "query": {
      "aggregates": {
        "filter_by": {},
        "group_by": {
          "filter": {},
          "order": {},
          "paginate": {}
        }
      },
      "variables": {},
      "nested_fields": {
        "filter_by": {
          "nested_arrays": {
            "contains": {},
            "is_empty": {}
          }
        },
        "order_by": {},
        "aggregates": {},
        "nested_collections": {}
      },
      "exists": {
        "named_scopes": {},
        "unrelated": {},
        "nested_collections": {},
        "nested_scalar_collections": {}
      }
    },
    "mutation": {},
    "relationships": {
      "relation_comparisons": {},
      "order_by_aggregate": {},
      "nested": {
        "array": {},
        "filtering": {},
        "ordering": {}
      }
    }
  }
}
